// Jest Snapshot v1, https://goo.gl/fbAQLP

exports[`returns the line chart when called 1`] = `<deathLineChart />`;
