// Jest Snapshot v1, https://goo.gl/fbAQLP

exports[`returns the line chart when called 1`] = `
<div>
  <h2>
    Bar Chart
  </h2>
  <canvas
    height={150}
    onClick={[Function]}
    role="img"
    width={300}
  />
</div>
`;
