// Jest Snapshot v1, https://goo.gl/fbAQLP

exports[`returns null when map is not USA 1`] = `null`;
